Correct
allocated datablocks on /tmp/doyiakos/test-disk1: found 2 expected 1
