sb: num inodes [/tmp/doyiakos/test-disk1]: found 0 expected 32
