sb: num inodes [/tmp/doyiakos/test-disk2]: found 0 expected 1024
